---
source: src/main.rs
expression: sub.render_long_help().to_string()
---
Inspect, probe, switch, copy, and verify storage destinations.

Bare `pond storage` shows the resolved destination, its creds binding, and per-table sizes. Subcommands probe a destination (check), switch the active destination (use), copy between destinations (migrate), and verify a copy without moving data (verify).

Usage: pond storage [OPTIONS] [COMMAND]

Commands:
  check    Probe a destination end-to-end
  use      Switch the configured destination. Moves no data
  migrate  Copy canonical data between two storages, rebuild the destination's indexes, and verify the copy landed
  verify   Verify a destination fully contains a source, without copying
  creds    Manage URL-scoped credential sets in config.toml
  help     Print this message or the help of the given subcommand(s)

Options:
  -h, --help
          Print help (see a summary with '-h')

Global options:
      --storage-path <URL>
          Storage destination: a local path or remote URL.
          
          Accepts a bare path, `~/path`, `file://`, `s3://bucket/prefix`, `s3+https://host/bucket/prefix`, `gs://`, or `az://`. Default: `[storage].path` from config, then the platform data dir (`~/.local/share/pond`).
          
          [env: POND_STORAGE_PATH]

      --config <PATH>
          Config file to read (default: `~/.config/pond/config.toml`)
          
          [env: POND_CONFIG]

  -v, --verbose...
          Increase logging verbosity

  -q, --quiet...
          Decrease logging verbosity

Examples:
  pond storage                                     where data lives, and how big
  pond storage check s3+https://host/bucket/pond   probe a destination end-to-end
  pond storage use s3+https://host/bucket/pond     probe, then switch the destination
